Vivado Simulator v2024.2.0
Copyright 1986-2022 Xilinx, Inc. All Rights Reserved.
Copyright 2022-2024 Advanced Micro Devices, Inc. All Rights Reserved.
Running: /opt/Xilinx/Vivado/2024.2/bin/unwrapped/lnx64.o/xelab --incr --debug typical --relax --mt 8 -L xil_defaultlib -L unisims_ver -L unimacro_ver -L secureip --snapshot sim_top_behav xil_defaultlib.sim_top xil_defaultlib.glbl -log elaborate.log 
Using 8 slave threads.
Starting static elaboration
Pass Through NonSizing Optimizer
WARNING: [VRFC 10-3091] actual bit length 32 differs from formal bit length 1 for port 'R' [/home/sir/work/cse100/lab6/lab6.srcs/sources_1/new/vga_timing.v:55]
WARNING: [VRFC 10-3091] actual bit length 32 differs from formal bit length 1 for port 'R' [/home/sir/work/cse100/lab6/lab6.srcs/sources_1/new/vga_timing.v:69]
WARNING: [VRFC 10-3091] actual bit length 32 differs from formal bit length 1 for port 'R' [/home/sir/work/cse100/lab6/lab6.srcs/sources_1/new/top.v:271]
WARNING: [VRFC 10-3091] actual bit length 32 differs from formal bit length 1 for port 'R' [/home/sir/work/cse100/lab6/lab6.srcs/sources_1/imports/imports/new/ring_counter.v:31]
WARNING: [VRFC 10-3091] actual bit length 32 differs from formal bit length 1 for port 'R' [/home/sir/work/cse100/lab6/lab6.srcs/sources_1/imports/imports/new/ring_counter.v:32]
WARNING: [VRFC 10-3091] actual bit length 32 differs from formal bit length 1 for port 'R' [/home/sir/work/cse100/lab6/lab6.srcs/sources_1/imports/imports/new/ring_counter.v:33]
WARNING: [VRFC 10-3091] actual bit length 32 differs from formal bit length 1 for port 'R' [/home/sir/work/cse100/lab6/lab6.srcs/sources_1/imports/imports/new/ring_counter.v:34]
Completed static elaboration
Starting simulation data flow analysis
Completed simulation data flow analysis
Time Resolution for simulation is 1ps
Compiling module unisims_ver.IBUF
Compiling module unisims_ver.MMCME2_ADV(CLKFBOUT_MULT_F=9.125...
Compiling module unisims_ver.BUFG
Compiling module xil_defaultlib.clk_wiz_0
Compiling module unisims_ver.x_lut2_mux4
Compiling module unisims_ver.LUT2
Compiling module unisims_ver.XOR2
Compiling module unisims_ver.FDCE_default
Compiling module xil_defaultlib.FTCE_MXILINX_clkcntrl4
Compiling module unisims_ver.LUT4(INIT=16'b1000000000000000)
Compiling module unisims_ver.AND4
Compiling module unisims_ver.x_lut3_mux8
Compiling module unisims_ver.LUT3(INIT=8'b10000000)
Compiling module unisims_ver.AND3
Compiling module unisims_ver.AND2
Compiling module unisims_ver.VCC
Compiling module xil_defaultlib.CB4CE_MXILINX_clkcntrl4
Compiling module unisims_ver.BUF
Compiling module xil_defaultlib.clkcntrl4
Compiling module unisims_ver.STARTUPE2
Compiling module xil_defaultlib.labVGA_clks
Compiling module unisims_ver.FDRE_default
Compiling module xil_defaultlib.vga_timing_default
Compiling module xil_defaultlib.edge_detector
Compiling module xil_defaultlib.edge_detector(STROBE=0)
Compiling module unisims_ver.FDRE(INIT=1'b1)
Compiling module xil_defaultlib.game_fsm_default
Compiling module xil_defaultlib.lfsr
Compiling module xil_defaultlib.slug_fsm_default
Compiling module xil_defaultlib.train_fsm(LEFT_COLUMN=16'b011111...
Compiling module xil_defaultlib.train_fsm(LEFT_COLUMN=16'b010011...
Compiling module xil_defaultlib.train_fsm(LEFT_COLUMN=16'b011000...
Compiling module xil_defaultlib.vga_renderer(OVERSCAN_X=16'b0,OV...
Compiling module xil_defaultlib.ror
Compiling module xil_defaultlib.ring_counter
Compiling module xil_defaultlib.hex7seg
Compiling module xil_defaultlib.top_default
Compiling module xil_defaultlib.sim_top
Compiling module xil_defaultlib.glbl
Built simulation snapshot sim_top_behav
