INFO: [VRFC 10-2263] Analyzing Verilog file "/home/sir/work/cse100/lab6/lab6.srcs/sources_1/imports/new/edge_detector.v" into library xil_defaultlib
INFO: [VRFC 10-311] analyzing module edge_detector
INFO: [VRFC 10-2263] Analyzing Verilog file "/home/sir/work/cse100/lab6/lab6.srcs/sources_1/new/game_fsm.v" into library xil_defaultlib
INFO: [VRFC 10-311] analyzing module game_fsm
WARNING: [VRFC 10-8956] extra semicolon is not allowed here in this dialect; use SystemVerilog mode instead [/home/sir/work/cse100/lab6/lab6.srcs/sources_1/new/game_fsm.v:41]
WARNING: [VRFC 10-8956] extra semicolon is not allowed here in this dialect; use SystemVerilog mode instead [/home/sir/work/cse100/lab6/lab6.srcs/sources_1/new/game_fsm.v:77]
WARNING: [VRFC 10-8956] extra semicolon is not allowed here in this dialect; use SystemVerilog mode instead [/home/sir/work/cse100/lab6/lab6.srcs/sources_1/new/game_fsm.v:84]
WARNING: [VRFC 10-3380] identifier 'start_frame_q' is used before its declaration [/home/sir/work/cse100/lab6/lab6.srcs/sources_1/new/game_fsm.v:48]
WARNING: [VRFC 10-3380] identifier 'start_frame_q' is used before its declaration [/home/sir/work/cse100/lab6/lab6.srcs/sources_1/new/game_fsm.v:49]
WARNING: [VRFC 10-3380] identifier 'lives_q' is used before its declaration [/home/sir/work/cse100/lab6/lab6.srcs/sources_1/new/game_fsm.v:51]
WARNING: [VRFC 10-3380] identifier 'lives_q' is used before its declaration [/home/sir/work/cse100/lab6/lab6.srcs/sources_1/new/game_fsm.v:52]
WARNING: [VRFC 10-3380] identifier 'lives_q' is used before its declaration [/home/sir/work/cse100/lab6/lab6.srcs/sources_1/new/game_fsm.v:53]
WARNING: [VRFC 10-3380] identifier 'lives_q' is used before its declaration [/home/sir/work/cse100/lab6/lab6.srcs/sources_1/new/game_fsm.v:54]
INFO: [VRFC 10-2263] Analyzing Verilog file "/home/sir/work/cse100/lab6/lab6.srcs/sources_1/imports/imports/new/hex7seg.v" into library xil_defaultlib
INFO: [VRFC 10-311] analyzing module hex7seg
INFO: [VRFC 10-2263] Analyzing Verilog file "/home/sir/work/cse100/lab6/lab6.srcs/sources_1/imports/Downloads/labVGA_clks.v" into library xil_defaultlib
INFO: [VRFC 10-311] analyzing module labVGA_clks
INFO: [VRFC 10-311] analyzing module clk_wiz_0
INFO: [VRFC 10-311] analyzing module clkcntrl4
INFO: [VRFC 10-311] analyzing module FTCE_MXILINX_clkcntrl4
INFO: [VRFC 10-311] analyzing module CB4CE_MXILINX_clkcntrl4
INFO: [VRFC 10-2263] Analyzing Verilog file "/home/sir/work/cse100/lab6/lab6.srcs/sources_1/imports/new/lfsr.v" into library xil_defaultlib
INFO: [VRFC 10-311] analyzing module lfsr
INFO: [VRFC 10-2263] Analyzing Verilog file "/home/sir/work/cse100/lab6/lab6.srcs/sources_1/imports/imports/new/ring_counter.v" into library xil_defaultlib
INFO: [VRFC 10-311] analyzing module ring_counter
INFO: [VRFC 10-311] analyzing module ror
INFO: [VRFC 10-2263] Analyzing Verilog file "/home/sir/work/cse100/lab6/lab6.srcs/sources_1/new/slug_fsm.v" into library xil_defaultlib
INFO: [VRFC 10-311] analyzing module slug_fsm
WARNING: [VRFC 10-8956] extra semicolon is not allowed here in this dialect; use SystemVerilog mode instead [/home/sir/work/cse100/lab6/lab6.srcs/sources_1/new/slug_fsm.v:49]
WARNING: [VRFC 10-8956] extra semicolon is not allowed here in this dialect; use SystemVerilog mode instead [/home/sir/work/cse100/lab6/lab6.srcs/sources_1/new/slug_fsm.v:70]
WARNING: [VRFC 10-3380] identifier 'state_q' is used before its declaration [/home/sir/work/cse100/lab6/lab6.srcs/sources_1/new/slug_fsm.v:44]
INFO: [VRFC 10-2263] Analyzing Verilog file "/home/sir/work/cse100/lab6/lab6.srcs/sources_1/new/top.v" into library xil_defaultlib
INFO: [VRFC 10-311] analyzing module top
WARNING: [VRFC 10-2938] 'collision' is already implicitly declared on line 96 [/home/sir/work/cse100/lab6/lab6.srcs/sources_1/new/top.v:225]
INFO: [VRFC 10-2263] Analyzing Verilog file "/home/sir/work/cse100/lab6/lab6.srcs/sources_1/new/train_fsm.v" into library xil_defaultlib
INFO: [VRFC 10-311] analyzing module train_fsm
WARNING: [VRFC 10-8956] extra semicolon is not allowed here in this dialect; use SystemVerilog mode instead [/home/sir/work/cse100/lab6/lab6.srcs/sources_1/new/train_fsm.v:72]
WARNING: [VRFC 10-8956] extra semicolon is not allowed here in this dialect; use SystemVerilog mode instead [/home/sir/work/cse100/lab6/lab6.srcs/sources_1/new/train_fsm.v:82]
WARNING: [VRFC 10-8956] extra semicolon is not allowed here in this dialect; use SystemVerilog mode instead [/home/sir/work/cse100/lab6/lab6.srcs/sources_1/new/train_fsm.v:90]
WARNING: [VRFC 10-8956] extra semicolon is not allowed here in this dialect; use SystemVerilog mode instead [/home/sir/work/cse100/lab6/lab6.srcs/sources_1/new/train_fsm.v:124]
WARNING: [VRFC 10-8956] extra semicolon is not allowed here in this dialect; use SystemVerilog mode instead [/home/sir/work/cse100/lab6/lab6.srcs/sources_1/new/train_fsm.v:134]
WARNING: [VRFC 10-8956] extra semicolon is not allowed here in this dialect; use SystemVerilog mode instead [/home/sir/work/cse100/lab6/lab6.srcs/sources_1/new/train_fsm.v:142]
WARNING: [VRFC 10-3380] identifier 'train2_height_q' is used before its declaration [/home/sir/work/cse100/lab6/lab6.srcs/sources_1/new/train_fsm.v:59]
WARNING: [VRFC 10-3380] identifier 'train1_delay_q' is used before its declaration [/home/sir/work/cse100/lab6/lab6.srcs/sources_1/new/train_fsm.v:62]
WARNING: [VRFC 10-3380] identifier 'train1_top_q' is used before its declaration [/home/sir/work/cse100/lab6/lab6.srcs/sources_1/new/train_fsm.v:63]
WARNING: [VRFC 10-3380] identifier 'train2_delay_q' is used before its declaration [/home/sir/work/cse100/lab6/lab6.srcs/sources_1/new/train_fsm.v:114]
WARNING: [VRFC 10-3380] identifier 'train2_top_q' is used before its declaration [/home/sir/work/cse100/lab6/lab6.srcs/sources_1/new/train_fsm.v:115]
INFO: [VRFC 10-2263] Analyzing Verilog file "/home/sir/work/cse100/lab6/lab6.srcs/sources_1/new/vga_renderer.v" into library xil_defaultlib
INFO: [VRFC 10-311] analyzing module vga_renderer
INFO: [VRFC 10-2263] Analyzing Verilog file "/home/sir/work/cse100/lab6/lab6.srcs/sources_1/new/vga_timing.v" into library xil_defaultlib
INFO: [VRFC 10-311] analyzing module vga_timing
INFO: [VRFC 10-2263] Analyzing Verilog file "/home/sir/work/cse100/lab6/lab6.srcs/sim_1/new/sim_top.v" into library xil_defaultlib
INFO: [VRFC 10-311] analyzing module sim_top
